sample_id	i7	i5	job_number	template	i7_rc	i5_rc
SAM-01	CGTGACATGC	ATGGTCTAAA	.	i710:i510	0	0
SAM-02	CGGAACCCAA	GATTCGAGGA	.	i710:i510	0	0
SAM-03	TGGTGCGGTG	GACTGTCAAT	.	i710:i510	0	0
SAM-04	GATTTCAGCG	GCAGACACCT	.	i710:i510	0	0
