sample_id	i7	i5	job_number	template	i7_rc	i5_rc
SAM-01	TGCTGTGA	CACGATTC	proj1	i78:um8:i58	1	1
SAM-02	CCACATTG	TACTCCAG	proj1	i78:um8:i58	1	1
SAM-03	TAGTGCCA	CGTCAAGA	proj1	i78:um8:i58	1	1
SAM-04	TCCTGTGA	CACGACCC	proj2	i58:i78:um8	0	1
SAM-05	AGAACCAG	.	proj3	um16:i78	1	.
