sample_id	i7	template	i7_rc
Sample01	ACGGGCAT	i78:um8	0
Sample02	ACGCTAAT	i78:um8	0
Sample03	ACGCCCAT	i78:um8	0
Sample04	GGGTCGAT	i78:um8	0
