sample_id	i7	job_number	template	i7_rc	i5_rc
Sample01	ACGGGCATGGCTAGAG	.	i716	0	0
Sample02	ACGCTAATGGCTAGAG	.	i716	0	0
Sample03	ACGCCCATGGCCAGAG	.	i716	0	0
Sample04	GGGTCGATGGGGACTA	.	i716	0	0
